../Core/Src/input_processing.c:37:6:buzzerNoBeep	8	static
../Core/Src/input_processing.c:41:6:resetTrafficLight	8	static
../Core/Src/input_processing.c:50:6:toggleLED	8	static
../Core/Src/input_processing.c:54:6:displayPLED	8	static
../Core/Src/input_processing.c:75:6:inputProcessingInit	16	static
../Core/Src/input_processing.c:96:6:increaseOne	16	static
../Core/Src/input_processing.c:100:6:modifyingValue	8	static
../Core/Src/input_processing.c:141:6:changingMode	8	static
../Core/Src/input_processing.c:198:6:setValue	8	static
../Core/Src/input_processing.c:240:6:handlePedestrianPressedEvent	4	static
../Core/Src/input_processing.c:262:6:inputProcessingFSM	16	static
../Core/Src/input_processing.c:284:6:handleSetValueButton	8	static
../Core/Src/input_processing.c:288:6:handleModifyButton	8	static
../Core/Src/input_processing.c:303:6:handleSelectModeButton	8	static
../Core/Src/input_processing.c:308:6:handlePedestrianButton	8	static
../Core/Src/input_processing.c:315:10:setCounterForBuzzer	16	static
../Core/Src/input_processing.c:332:6:displayingDuration	40	static
../Core/Src/input_processing.c:362:6:trafficLightFSM	16	static
../Core/Src/input_processing.c:398:6:pedestrianStateFSM	8	static
../Core/Src/input_processing.c:428:6:runStateFSM	8	static
